{
  "version": "1.5.0",
  "plugins_used": [
    {
      "name": "ArtifactoryDetector"
    },
    {
      "name": "AWSKeyDetector"
    },
    {
      "name": "AzureStorageKeyDetector"
    },
    {
      "name": "Base64HighEntropyString",
      "limit": 4.5
    },
    {
      "name": "BasicAuthDetector"
    },
    {
      "name": "CloudantDetector"
    },
    {
      "name": "DiscordBotTokenDetector"
    },
    {
      "name": "GitHubTokenDetector"
    },
    {
      "name": "GitLabTokenDetector"
    },
    {
      "name": "HexHighEntropyString",
      "limit": 3.0
    },
    {
      "name": "IbmCloudIamDetector"
    },
    {
      "name": "IbmCosHmacDetector"
    },
    {
      "name": "IPPublicDetector"
    },
    {
      "name": "JwtTokenDetector"
    },
    {
      "name": "KeywordDetector",
      "keyword_exclude": ""
    },
    {
      "name": "MailchimpDetector"
    },
    {
      "name": "NpmDetector"
    },
    {
      "name": "OpenAIDetector"
    },
    {
      "name": "PrivateKeyDetector"
    },
    {
      "name": "PypiTokenDetector"
    },
    {
      "name": "SendGridDetector"
    },
    {
      "name": "SlackDetector"
    },
    {
      "name": "SoftlayerDetector"
    },
    {
      "name": "SquareOAuthDetector"
    },
    {
      "name": "StripeDetector"
    },
    {
      "name": "TelegramBotTokenDetector"
    },
    {
      "name": "TwilioKeyDetector"
    }
  ],
  "filters_used": [
    {
      "path": "detect_secrets.filters.allowlist.is_line_allowlisted"
    },
    {
      "path": "detect_secrets.filters.common.is_baseline_file",
      "filename": ".secrets.baseline"
    },
    {
      "path": "detect_secrets.filters.common.is_ignored_due_to_verification_policies",
      "min_level": 2
    },
    {
      "path": "detect_secrets.filters.heuristic.is_indirect_reference"
    },
    {
      "path": "detect_secrets.filters.heuristic.is_likely_id_string"
    },
    {
      "path": "detect_secrets.filters.heuristic.is_lock_file"
    },
    {
      "path": "detect_secrets.filters.heuristic.is_not_alphanumeric_string"
    },
    {
      "path": "detect_secrets.filters.heuristic.is_potential_uuid"
    },
    {
      "path": "detect_secrets.filters.heuristic.is_prefixed_with_dollar_sign"
    },
    {
      "path": "detect_secrets.filters.heuristic.is_sequential_string"
    },
    {
      "path": "detect_secrets.filters.heuristic.is_swagger_file"
    },
    {
      "path": "detect_secrets.filters.heuristic.is_templated_secret"
    }
  ],
  "results": {
    ".github/workflows/deploy_gcp_admin_app.yaml": [
      {
        "type": "Secret Keyword",
        "filename": ".github/workflows/deploy_gcp_admin_app.yaml",
        "hashed_secret": "a9940a62000a2eb35500c88932f05e62c364896e",
        "is_verified": false,
        "line_number": 65
      }
    ],
    ".github/workflows/deploy_gcp_caddy.yaml": [
      {
        "type": "Secret Keyword",
        "filename": ".github/workflows/deploy_gcp_caddy.yaml",
        "hashed_secret": "8fb442254a9f97b52d4c560877a40cf61e9884e0",
        "is_verified": false,
        "line_number": 62
      }
    ],
    ".github/workflows/deploy_gcp_litellm_proxy.yaml": [
      {
        "type": "Secret Keyword",
        "filename": ".github/workflows/deploy_gcp_litellm_proxy.yaml",
        "hashed_secret": "0055da8a34a8538e3164350241dd2daf9f3994fc",
        "is_verified": false,
        "line_number": 62
      }
    ],
    ".github/workflows/retrieval-validation.yaml": [
      {
        "type": "Secret Keyword",
        "filename": ".github/workflows/retrieval-validation.yaml",
        "hashed_secret": "ca54df24e0b10f896f9958b2ec830058b15e7de2",
        "is_verified": false,
        "line_number": 10
      }
    ],
    ".github/workflows/tests.yaml": [
      {
        "type": "Secret Keyword",
        "filename": ".github/workflows/tests.yaml",
        "hashed_secret": "ca54df24e0b10f896f9958b2ec830058b15e7de2",
        "is_verified": false,
        "line_number": 11
      }
    ],
    "chat_managers/botpress_v12/deployment/template.env": [
      {
        "type": "Secret Keyword",
        "filename": "chat_managers/botpress_v12/deployment/template.env",
        "hashed_secret": "64fdeb6d172b6e676e6511a4cc6d8d9ba6541f4f",
        "is_verified": false,
        "line_number": 8
      }
    ],
    "chat_managers/typebot/deployment/template.env": [
      {
        "type": "Secret Keyword",
        "filename": "chat_managers/typebot/deployment/template.env",
        "hashed_secret": "afc848c316af1a89d49826c5ae9d00ed769415f3",
        "is_verified": false,
        "line_number": 6
      },
      {
        "type": "Base64 High Entropy String",
        "filename": "chat_managers/typebot/deployment/template.env",
        "hashed_secret": "1ef4ba375faf624a4c65e6ebef30382d108d0d8f",
        "is_verified": false,
        "line_number": 10
      },
      {
        "type": "Secret Keyword",
        "filename": "chat_managers/typebot/deployment/template.env",
        "hashed_secret": "1ef4ba375faf624a4c65e6ebef30382d108d0d8f",
        "is_verified": false,
        "line_number": 10
      }
    ],
    "chat_managers/typebot/llm_response_flow.json": [
      {
        "type": "Base64 High Entropy String",
        "filename": "chat_managers/typebot/llm_response_flow.json",
        "hashed_secret": "f42f119cd9cffe6824a543d550b33b93074e32d9",
        "is_verified": false,
        "line_number": 151
      }
    ],
    "core_backend/alembic.ini": [
      {
        "type": "Basic Auth Credentials",
        "filename": "core_backend/alembic.ini",
        "hashed_secret": "9d4e1e23bd5b727046a9e3b4b7db57bd8d6ee684",
        "is_verified": false,
        "line_number": 63
      }
    ],
    "core_backend/migrations/versions/2023_09_16_c5a948963236_create_query_table.py": [
      {
        "type": "Hex High Entropy String",
        "filename": "core_backend/migrations/versions/2023_09_16_c5a948963236_create_query_table.py",
        "hashed_secret": "aa769fa54409c0074301a4b9a60080a15ad9c208",
        "is_verified": false,
        "line_number": 15
      }
    ],
    "core_backend/migrations/versions/2023_09_18_42fe00da1c48_create_feedback_table.py": [
      {
        "type": "Hex High Entropy String",
        "filename": "core_backend/migrations/versions/2023_09_18_42fe00da1c48_create_feedback_table.py",
        "hashed_secret": "e5858144ae1e5c1c2b7f6c4b02164d8121e0fa0e",
        "is_verified": false,
        "line_number": 15
      }
    ],
    "core_backend/migrations/versions/2023_10_12_cda1098017b5_create_query_response_table.py": [
      {
        "type": "Hex High Entropy String",
        "filename": "core_backend/migrations/versions/2023_10_12_cda1098017b5_create_query_response_table.py",
        "hashed_secret": "db3b694183ff156b07222512ed3c7fc6212b5ea6",
        "is_verified": false,
        "line_number": 15
      }
    ],
    "core_backend/migrations/versions/2024_02_18_f269c75dbf69_create_content_table.py": [
      {
        "type": "Hex High Entropy String",
        "filename": "core_backend/migrations/versions/2024_02_18_f269c75dbf69_create_content_table.py",
        "hashed_secret": "47983ffbd3a27d5f65293f78ed928d84c43ad98c",
        "is_verified": false,
        "line_number": 22
      }
    ],
    "core_backend/migrations/versions/2024_04_19_e8ddc3de6210_create_new_feedback_tables.py": [
      {
        "type": "Hex High Entropy String",
        "filename": "core_backend/migrations/versions/2024_04_19_e8ddc3de6210_create_new_feedback_tables.py",
        "hashed_secret": "c2739a34ac5452b0c6bacd634c79ab61be7db846",
        "is_verified": false,
        "line_number": 16
      }
    ],
    "core_backend/migrations/versions/2024_04_30_72d3851d44a6_create_ud_tables.py": [
      {
        "type": "Hex High Entropy String",
        "filename": "core_backend/migrations/versions/2024_04_30_72d3851d44a6_create_ud_tables.py",
        "hashed_secret": "0682b39422bcacfa8c2f6266ac8c902ec870a899",
        "is_verified": false,
        "line_number": 17
      }
    ],
    "core_backend/migrations/versions/2024_05_06_6cc60b6a8f1d_create_user_table.py": [
      {
        "type": "Hex High Entropy String",
        "filename": "core_backend/migrations/versions/2024_05_06_6cc60b6a8f1d_create_user_table.py",
        "hashed_secret": "7e95583cfea0046e41cd0ea46b47c2f99f0196b0",
        "is_verified": false,
        "line_number": 15
      }
    ],
    "core_backend/migrations/versions/2024_06_26_7a68f045e8d3_remove_content_language.py": [
      {
        "type": "Hex High Entropy String",
        "filename": "core_backend/migrations/versions/2024_06_26_7a68f045e8d3_remove_content_language.py",
        "hashed_secret": "640b7c701ab8e8f989e23a2b0f9eaca299f9a5ae",
        "is_verified": false,
        "line_number": 15
      }
    ],
    "core_backend/migrations/versions/2024_07_05_4d3f01bf891f_add_content_shared_count.py": [
      {
        "type": "Hex High Entropy String",
        "filename": "core_backend/migrations/versions/2024_07_05_4d3f01bf891f_add_content_shared_count.py",
        "hashed_secret": "1de40b9cbf27cc61c3d97ebaf77114e37bdd0ac2",
        "is_verified": false,
        "line_number": 15
      }
    ],
    "core_backend/migrations/versions/2024_07_17_30549f0b428a_drop_whatsapp_tables.py": [
      {
        "type": "Hex High Entropy String",
        "filename": "core_backend/migrations/versions/2024_07_17_30549f0b428a_drop_whatsapp_tables.py",
        "hashed_secret": "e73e8bc3636cecb151c5e131ef42838f1c9d1d5d",
        "is_verified": false,
        "line_number": 16
      }
    ],
    "core_backend/migrations/versions/2024_07_22_e354e0c0aad1_add_generate_llm_response_column.py": [
      {
        "type": "Hex High Entropy String",
        "filename": "core_backend/migrations/versions/2024_07_22_e354e0c0aad1_add_generate_llm_response_column.py",
        "hashed_secret": "e1a4804d44d45876c7c504e70033ab3fe107f3dc",
        "is_verified": false,
        "line_number": 15
      }
    ],
    "core_backend/migrations/versions/2024_07_30_a5a6db9eca6f_add_api_daily_quota.py": [
      {
        "type": "Hex High Entropy String",
        "filename": "core_backend/migrations/versions/2024_07_30_a5a6db9eca6f_add_api_daily_quota.py",
        "hashed_secret": "99f7bf387074dda156ce8e6bf5eca1571748656f",
        "is_verified": false,
        "line_number": 15
      }
    ],
    "core_backend/migrations/versions/2024_08_02_b87b336df479_add_contents_for_query_table.py": [
      {
        "type": "Hex High Entropy String",
        "filename": "core_backend/migrations/versions/2024_08_02_b87b336df479_add_contents_for_query_table.py",
        "hashed_secret": "794c0dacce3c615975e14df5ee1687e75cdc28f3",
        "is_verified": false,
        "line_number": 15
      }
    ],
    "core_backend/tests/api/test.env": [
      {
        "type": "Secret Keyword",
        "filename": "core_backend/tests/api/test.env",
        "hashed_secret": "ca54df24e0b10f896f9958b2ec830058b15e7de2",
        "is_verified": false,
        "line_number": 5
      }
    ],
    "core_backend/tests/api/test_dashboard_overview.py": [
      {
        "type": "Secret Keyword",
        "filename": "core_backend/tests/api/test_dashboard_overview.py",
        "hashed_secret": "233243ef95e736679cb1d5664a4c71ba89c10664",
        "is_verified": false,
        "line_number": 155
      },
      {
        "type": "Secret Keyword",
        "filename": "core_backend/tests/api/test_dashboard_overview.py",
        "hashed_secret": "6367c48dd193d56ea7b0baad25b19455e529f5ee",
        "is_verified": false,
        "line_number": 291
      }
    ],
    "core_backend/tests/api/test_dashboard_performance.py": [
      {
        "type": "Secret Keyword",
        "filename": "core_backend/tests/api/test_dashboard_performance.py",
        "hashed_secret": "1a421e4919b1674defaf1ea063893fe198fe5dd8",
        "is_verified": false,
        "line_number": 123
      }
    ],
    "core_backend/tests/api/test_data_api.py": [
      {
        "type": "Secret Keyword",
        "filename": "core_backend/tests/api/test_data_api.py",
        "hashed_secret": "233243ef95e736679cb1d5664a4c71ba89c10664",
        "is_verified": false,
        "line_number": 367
      }
    ],
    "core_backend/tests/api/test_question_answer.py": [
      {
        "type": "Secret Keyword",
        "filename": "core_backend/tests/api/test_question_answer.py",
        "hashed_secret": "1d2be5ef28a76e2207456e7eceabe1219305e43d",
        "is_verified": false,
        "line_number": 294
      },
      {
        "type": "Secret Keyword",
        "filename": "core_backend/tests/api/test_question_answer.py",
        "hashed_secret": "6367c48dd193d56ea7b0baad25b19455e529f5ee",
        "is_verified": false,
        "line_number": 653
      }
    ],
    "core_backend/tests/api/test_user_tools.py": [
      {
        "type": "Secret Keyword",
        "filename": "core_backend/tests/api/test_user_tools.py",
        "hashed_secret": "5baa61e4c9b93f3f0682250b6cf8331b7ee68fd8",
        "is_verified": false,
        "line_number": 70
      }
    ],
    "core_backend/tests/rails/test_language_identification.py": [
      {
        "type": "Secret Keyword",
        "filename": "core_backend/tests/rails/test_language_identification.py",
        "hashed_secret": "051b2c1d98174fabc4749641c4f4f4660556441e",
        "is_verified": false,
        "line_number": 48
      }
    ],
    "core_backend/tests/rails/test_paraphrasing.py": [
      {
        "type": "Secret Keyword",
        "filename": "core_backend/tests/rails/test_paraphrasing.py",
        "hashed_secret": "051b2c1d98174fabc4749641c4f4f4660556441e",
        "is_verified": false,
        "line_number": 47
      }
    ],
    "core_backend/tests/rails/test_safety.py": [
      {
        "type": "Secret Keyword",
        "filename": "core_backend/tests/rails/test_safety.py",
        "hashed_secret": "051b2c1d98174fabc4749641c4f4f4660556441e",
        "is_verified": false,
        "line_number": 38
      }
    ],
    "core_backend/validation/retrieval/validation.env": [
      {
        "type": "Secret Keyword",
        "filename": "core_backend/validation/retrieval/validation.env",
        "hashed_secret": "ca54df24e0b10f896f9958b2ec830058b15e7de2",
        "is_verified": false,
        "line_number": 2
      }
    ],
    "core_backend/validation/urgency_detection/conftest.py": [
      {
        "type": "Secret Keyword",
        "filename": "core_backend/validation/urgency_detection/conftest.py",
        "hashed_secret": "9fb7fe1217aed442b04c0f5e43b5d5a7d3287097",
        "is_verified": false,
        "line_number": 17
      },
      {
        "type": "Secret Keyword",
        "filename": "core_backend/validation/urgency_detection/conftest.py",
        "hashed_secret": "767ef7376d44bb6e52b390ddcd12c1cb1b3902a4",
        "is_verified": false,
        "line_number": 18
      }
    ],
    "core_backend/validation/urgency_detection/validation.env": [
      {
        "type": "Secret Keyword",
        "filename": "core_backend/validation/urgency_detection/validation.env",
        "hashed_secret": "ca54df24e0b10f896f9958b2ec830058b15e7de2",
        "is_verified": false,
        "line_number": 2
      }
    ],
    "deployment/docker-compose/litellm_proxy_config.yaml": [
      {
        "type": "Secret Keyword",
        "filename": "deployment/docker-compose/litellm_proxy_config.yaml",
        "hashed_secret": "07db03b4eef371b55ee656a334d69857b58a09da",
        "is_verified": false,
        "line_number": 5
      }
    ],
    "deployment/docker-compose/template.litellm_proxy.env": [
      {
        "type": "Secret Keyword",
        "filename": "deployment/docker-compose/template.litellm_proxy.env",
        "hashed_secret": "ec3810e10fb78db55ce38b9c18d1c3eb1db739e0",
        "is_verified": false,
        "line_number": 18
      },
      {
        "type": "Secret Keyword",
        "filename": "deployment/docker-compose/template.litellm_proxy.env",
        "hashed_secret": "d033e22ae348aeb5660fc2140aec35850c4da997",
        "is_verified": false,
        "line_number": 28
      }
    ],
    "docs/blog/posts/search-endpoint.md": [
      {
        "type": "Secret Keyword",
        "filename": "docs/blog/posts/search-endpoint.md",
        "hashed_secret": "5b8b7a620e54e681c584f5b5c89152773c10c253",
        "is_verified": false,
        "line_number": 47
      }
    ],
    "docs/components/litellm-proxy/index.md": [
      {
        "type": "Secret Keyword",
        "filename": "docs/components/litellm-proxy/index.md",
        "hashed_secret": "07db03b4eef371b55ee656a334d69857b58a09da",
        "is_verified": false,
        "line_number": 21
      }
    ],
    "docs/develop/setup.md": [
      {
        "type": "Secret Keyword",
        "filename": "docs/develop/setup.md",
        "hashed_secret": "1c8d549f8ff68a7790ba6825cedf89735c115972",
        "is_verified": false,
        "line_number": 278
      }
    ]
  },
  "generated_at": "2025-04-21T11:10:33Z"
}
